// Jest Snapshot v1, https://goo.gl/fbAQLP

exports[`Weather repository Query data Get weather info 1`] = `Promise {}`;
